==================================== INPUT ====================================
# relay-resolver-enable-interface-output-type

query edgeToAbstractTypeWithInlineFragmentOnAbstractTypeQuery {
    cat {
        name
        ... on Cat {
            description
        }
    }
}

# %extensions%

interface Cat {
    description: String
    name: String
}

type Tabby implements Cat {
    description: String
    name: String
}

type Persian implements Cat {
    description: String
    name: String
}

extend type Query {
    cat: Cat
}
==================================== OUTPUT ===================================
query edgeToAbstractTypeWithInlineFragmentOnAbstractTypeQuery {
  cat {
    ... on Cat {
      ... on Tabby {
        description
      }
      ... on Persian {
        description
      }
    }
    ... on Tabby {
      name
    }
    ... on Persian {
      name
    }
  }
}
