==================================== INPUT ====================================
# relay-resolver-enable-interface-output-type

query edgeToAbstractTypeWithInlineFragmentQuery {
    cat {
        ... {
            name
            description
        }
        ... on Tabby {
            name
        }
    }
}

# %extensions%

interface Cat {
    description: String
    name: String
}

type Tabby implements Cat {
    description: String
    name: String
    parent: Cat
}

type Persian implements Cat {
    description: String
    name: String
}

extend type Query {
    cat: Cat
}
==================================== OUTPUT ===================================
query edgeToAbstractTypeWithInlineFragmentQuery {
  cat {
    ... on Tabby {
      name
    }
    ... on Tabby {
      ... {
        name
        description
      }
    }
    ... on Persian {
      ... {
        name
        description
      }
    }
  }
}
