==================================== INPUT ====================================
# expected-to-throw

query TestQuery($if: Boolean, $unless: Boolean) {
  node(id: "4") {
    ... on Comment {
      firstName(if: $globalIf, unless: $unless)
    }
  }
}
==================================== ERROR ====================================
✖︎ Expected variable `$globalIf` to be defined on the operation

  multiple_field_argument_wrong_type.invalid.graphql:6:21
    5 │     ... on Comment {
    6 │       firstName(if: $globalIf, unless: $unless)
      │                     ^^^^^^^^^
    7 │     }
