==================================== INPUT ====================================
//- PersonComponent.js
graphql`fragment PersonComponentFragment on IPerson {
  name
}`

//- UserTypeResolvers.js
/**
 * @RelayResolver User implements IPerson
 * @live
 */

/**
 * @RelayResolver User.name: String
 * @live
 */

//- AdminTypeResolvers.js
/**
 * @RelayResolver Admin implements IPerson
 * @live
 */

/**
 * @RelayResolver Admin.name: String
 */

//- relay.config.json
{
  "language": "flow",
  "jsModuleFormat": "haste",
  "schema": "schema.graphql",
  "schemaExtensions": [
    "schema-extensions"
  ],
  "featureFlags": {
    "enable_resolver_normalization_ast": true,
    "relay_resolver_enable_interface_output_type": { "kind": "enabled" }
  }
}

//- schema.graphql
type Query {
  some_field: Boolean
}

//- schema-extensions/extension.graphql
interface IPerson {
  id: ID!
  name: String
}
==================================== OUTPUT ===================================
//- __generated__/Admin____relay_model_instance.graphql.js
/**
 * <auto-generated> SignedSource<<c949e2f7c790068c8382758b9ba71eb2>>
 * @flow
 * @lightSyntaxTransform
 * @nogrep
 */

/* eslint-disable */

'use strict';

/*::
import type { Fragment, ReaderFragment } from 'relay-runtime';
import type { Admin__id$data } from "Admin__id.graphql";
import type { LiveState, FragmentType } from "relay-runtime";
import {Admin as adminRelayModelInstanceResolverType} from "AdminTypeResolvers";
// Type assertion validating that `adminRelayModelInstanceResolverType` resolver is correctly implemented.
// A type error here indicates that the type signature of the resolver module is incorrect.
(adminRelayModelInstanceResolverType: (
  id: Admin__id$data['id'],
) => LiveState<mixed>);
declare export opaque type Admin____relay_model_instance$fragmentType: FragmentType;
export type Admin____relay_model_instance$data = {|
  +__relay_model_instance: $NonMaybeType<ReturnType<ReturnType<typeof adminRelayModelInstanceResolverType>["read"]>>,
  +$fragmentType: Admin____relay_model_instance$fragmentType,
|};
export type Admin____relay_model_instance$key = {
  +$data?: Admin____relay_model_instance$data,
  +$fragmentSpreads: Admin____relay_model_instance$fragmentType,
  ...
};
*/

import {Admin as adminRelayModelInstanceResolver} from 'AdminTypeResolvers';
import Admin__id_graphql from 'Admin__id.graphql';
import {resolverDataInjector} from 'relay-runtime/experimental';

var node/*: ReaderFragment*/ = {
  "argumentDefinitions": [],
  "kind": "Fragment",
  "metadata": null,
  "name": "Admin____relay_model_instance",
  "selections": [
    {
      "alias": null,
      "args": null,
      "fragment": {
        "args": null,
        "kind": "FragmentSpread",
        "name": "Admin__id"
      },
      "kind": "RelayLiveResolver",
      "name": "__relay_model_instance",
      "resolverModule": resolverDataInjector(Admin__id_graphql, adminRelayModelInstanceResolver, 'id', true),
      "path": "__relay_model_instance"
    }
  ],
  "type": "Admin",
  "abstractKey": null
};

export default ((node/*: any*/)/*: Fragment<
  Admin____relay_model_instance$fragmentType,
  Admin____relay_model_instance$data,
>*/);

//- __generated__/Admin__id.graphql.js
/**
 * <auto-generated> SignedSource<<78e97d08242ee5ff28fb2c5bf850cd81>>
 * @flow
 * @lightSyntaxTransform
 * @nogrep
 */

/* eslint-disable */

'use strict';

/*::
import type { Fragment, ReaderFragment } from 'relay-runtime';
import type { FragmentType } from "relay-runtime";
declare export opaque type Admin__id$fragmentType: FragmentType;
export type Admin__id$data = {|
  +id: string,
  +$fragmentType: Admin__id$fragmentType,
|};
export type Admin__id$key = {
  +$data?: Admin__id$data,
  +$fragmentSpreads: Admin__id$fragmentType,
  ...
};
*/

var node/*: ReaderFragment*/ = {
  "argumentDefinitions": [],
  "kind": "Fragment",
  "metadata": null,
  "name": "Admin__id",
  "selections": [
    {
      "kind": "ClientExtension",
      "selections": [
        {
          "alias": null,
          "args": null,
          "kind": "ScalarField",
          "name": "id",
          "storageKey": null
        }
      ]
    }
  ],
  "type": "Admin",
  "abstractKey": null
};

export default ((node/*: any*/)/*: Fragment<
  Admin__id$fragmentType,
  Admin__id$data,
>*/);

//- __generated__/PersonComponentFragment.graphql.js
/**
 * <auto-generated> SignedSource<<35b6c94634075e96f33e1c33da81c60d>>
 * @flow
 * @lightSyntaxTransform
 * @nogrep
 */

/* eslint-disable */

'use strict';

/*::
import type { Fragment, ReaderFragment } from 'relay-runtime';
import type { FragmentType } from "relay-runtime";
declare export opaque type PersonComponentFragment$fragmentType: FragmentType;
export type PersonComponentFragment$data = {|
  +name: ?string,
  +$fragmentType: PersonComponentFragment$fragmentType,
|};
export type PersonComponentFragment$key = {
  +$data?: PersonComponentFragment$data,
  +$fragmentSpreads: PersonComponentFragment$fragmentType,
  ...
};
*/

import {name as adminNameResolver} from 'AdminTypeResolvers';
import Admin____relay_model_instance_graphql from 'Admin____relay_model_instance.graphql';
import {name as userNameResolver} from 'UserTypeResolvers';
import User____relay_model_instance_graphql from 'User____relay_model_instance.graphql';
import {resolverDataInjector} from 'relay-runtime/experimental';

var node/*: ReaderFragment*/ = {
  "argumentDefinitions": [],
  "kind": "Fragment",
  "metadata": null,
  "name": "PersonComponentFragment",
  "selections": [
    {
      "kind": "ClientExtension",
      "selections": [
        {
          "kind": "InlineFragment",
          "selections": [
            {
              "alias": null,
              "args": null,
              "fragment": {
                "args": null,
                "kind": "FragmentSpread",
                "name": "Admin____relay_model_instance"
              },
              "kind": "RelayResolver",
              "name": "name",
              "resolverModule": resolverDataInjector(Admin____relay_model_instance_graphql, adminNameResolver, '__relay_model_instance', true),
              "path": "name"
            }
          ],
          "type": "Admin",
          "abstractKey": null
        },
        {
          "kind": "InlineFragment",
          "selections": [
            {
              "alias": null,
              "args": null,
              "fragment": {
                "args": null,
                "kind": "FragmentSpread",
                "name": "User____relay_model_instance"
              },
              "kind": "RelayLiveResolver",
              "name": "name",
              "resolverModule": resolverDataInjector(User____relay_model_instance_graphql, userNameResolver, '__relay_model_instance', true),
              "path": "name"
            }
          ],
          "type": "User",
          "abstractKey": null
        }
      ]
    }
  ],
  "type": "IPerson",
  "abstractKey": "__isIPerson"
};

(node/*: any*/).hash = "a57dd30bd59412781e9566e1553e2d70";

export default ((node/*: any*/)/*: Fragment<
  PersonComponentFragment$fragmentType,
  PersonComponentFragment$data,
>*/);

//- __generated__/User____relay_model_instance.graphql.js
/**
 * <auto-generated> SignedSource<<1d7f7276af9b68a8321f13626bfca7aa>>
 * @flow
 * @lightSyntaxTransform
 * @nogrep
 */

/* eslint-disable */

'use strict';

/*::
import type { Fragment, ReaderFragment } from 'relay-runtime';
import type { User__id$data } from "User__id.graphql";
import type { LiveState, FragmentType } from "relay-runtime";
import {User as userRelayModelInstanceResolverType} from "UserTypeResolvers";
// Type assertion validating that `userRelayModelInstanceResolverType` resolver is correctly implemented.
// A type error here indicates that the type signature of the resolver module is incorrect.
(userRelayModelInstanceResolverType: (
  id: User__id$data['id'],
) => LiveState<mixed>);
declare export opaque type User____relay_model_instance$fragmentType: FragmentType;
export type User____relay_model_instance$data = {|
  +__relay_model_instance: $NonMaybeType<ReturnType<ReturnType<typeof userRelayModelInstanceResolverType>["read"]>>,
  +$fragmentType: User____relay_model_instance$fragmentType,
|};
export type User____relay_model_instance$key = {
  +$data?: User____relay_model_instance$data,
  +$fragmentSpreads: User____relay_model_instance$fragmentType,
  ...
};
*/

import {User as userRelayModelInstanceResolver} from 'UserTypeResolvers';
import User__id_graphql from 'User__id.graphql';
import {resolverDataInjector} from 'relay-runtime/experimental';

var node/*: ReaderFragment*/ = {
  "argumentDefinitions": [],
  "kind": "Fragment",
  "metadata": null,
  "name": "User____relay_model_instance",
  "selections": [
    {
      "alias": null,
      "args": null,
      "fragment": {
        "args": null,
        "kind": "FragmentSpread",
        "name": "User__id"
      },
      "kind": "RelayLiveResolver",
      "name": "__relay_model_instance",
      "resolverModule": resolverDataInjector(User__id_graphql, userRelayModelInstanceResolver, 'id', true),
      "path": "__relay_model_instance"
    }
  ],
  "type": "User",
  "abstractKey": null
};

export default ((node/*: any*/)/*: Fragment<
  User____relay_model_instance$fragmentType,
  User____relay_model_instance$data,
>*/);

//- __generated__/User__id.graphql.js
/**
 * <auto-generated> SignedSource<<56388778b313654f6700e4bfa73599a2>>
 * @flow
 * @lightSyntaxTransform
 * @nogrep
 */

/* eslint-disable */

'use strict';

/*::
import type { Fragment, ReaderFragment } from 'relay-runtime';
import type { FragmentType } from "relay-runtime";
declare export opaque type User__id$fragmentType: FragmentType;
export type User__id$data = {|
  +id: string,
  +$fragmentType: User__id$fragmentType,
|};
export type User__id$key = {
  +$data?: User__id$data,
  +$fragmentSpreads: User__id$fragmentType,
  ...
};
*/

var node/*: ReaderFragment*/ = {
  "argumentDefinitions": [],
  "kind": "Fragment",
  "metadata": null,
  "name": "User__id",
  "selections": [
    {
      "kind": "ClientExtension",
      "selections": [
        {
          "alias": null,
          "args": null,
          "kind": "ScalarField",
          "name": "id",
          "storageKey": null
        }
      ]
    }
  ],
  "type": "User",
  "abstractKey": null
};

export default ((node/*: any*/)/*: Fragment<
  User__id$fragmentType,
  User__id$data,
>*/);
