==================================== INPUT ====================================
//- User_foo.js
/**
 * @RelayResolver User.foo: String @semanticNonNull
 * @rootFragment UserFooFragment
 */
graphql`fragment UserFooFragment on User @throwOnFieldError {
  bar
}`

//- User_bar.js
/**
 * @RelayResolver User.bar: [String] @semanticNonNull(levels: [0,1])
 * @live
 */

//- relay.config.json
{
  "language": "flow",
  "jsModuleFormat": "haste",
  "schema": "schema.graphql",
  "featureFlags": {
    "enable_resolver_normalization_ast": true,
    "allow_resolver_non_nullable_return_type": { "kind": "enabled" }
  },
  "resolversSchemaModule": {
    "path": "__generated__/ResolversSchemaModule.js"
  }
}

//- schema.graphql
type Query {
  greeting: String
}
type User { name: String }
==================================== OUTPUT ===================================
//- __generated__/ResolversSchemaModule.js
/**
 * <auto-generated> SignedSource<<fb232cf0ffe660e1fb543c58f1357463>>
 * @flow
 * @lightSyntaxTransform
 * @nogrep
 */

/* eslint-disable */

'use strict';

/*::
import type { SchemaResolvers } from 'ReactiveQueryExecutor';
import type { ResolverFunction, NormalizationSplitOperation } from 'relay-runtime';

*/

import UserFooFragment$normalization from 'UserFooFragment$normalization.graphql';
import {bar as userBarResolver} from 'User_bar';
import {foo as userFooResolver} from 'User_foo';

var schema_resolvers/*: SchemaResolvers*/ = {
  "User": {
    "bar": {
      "resolverFunction": userBarResolver,
      "rootFragment": null
    },
    "foo": {
      "resolverFunction": userFooResolver,
      "rootFragment": UserFooFragment$normalization
    }
  }
};

export default schema_resolvers;

//- __generated__/UserFooFragment$normalization.graphql.js
/**
 * <auto-generated> SignedSource<<541a461c62bf43d8ebed22633ed4faa5>>
 * @flow
 * @lightSyntaxTransform
 * @nogrep
 */

/* eslint-disable */

'use strict';

/*::
import type { NormalizationSplitOperation } from 'relay-runtime';

*/

import {bar as userBarResolver} from 'User_bar';

var node/*: NormalizationSplitOperation*/ = {
  "kind": "SplitOperation",
  "metadata": {},
  "name": "UserFooFragment$normalization",
  "selections": [
    {
      "kind": "ClientExtension",
      "selections": [
        {
          "name": "bar",
          "args": null,
          "kind": "RelayLiveResolver",
          "storageKey": null,
          "isOutputType": true,
          "resolverInfo": {
            "resolverFunction": userBarResolver,
            "rootFragment": null
          }
        }
      ]
    }
  ]
};

(node/*: any*/).hash = "c571977071bef677ed9b7926d2dad022";

export default node;

//- __generated__/UserFooFragment.graphql.js
/**
 * <auto-generated> SignedSource<<72a5ba9899acd0ebef6422e1c255bd1c>>
 * @flow
 * @lightSyntaxTransform
 * @nogrep
 */

/* eslint-disable */

'use strict';

/*::
import type { Fragment, ReaderFragment } from 'relay-runtime';
import type { LiveState, FragmentType } from "relay-runtime";
import {bar as userBarResolverType} from "User_bar";
// Type assertion validating that `userBarResolverType` resolver is correctly implemented.
// A type error here indicates that the type signature of the resolver module is incorrect.
(userBarResolverType: () => LiveState<$ReadOnlyArray<string>>);
declare export opaque type UserFooFragment$fragmentType: FragmentType;
export type UserFooFragment$data = {|
  +bar: $ReadOnlyArray<string>,
  +$fragmentType: UserFooFragment$fragmentType,
|};
export type UserFooFragment$key = {
  +$data?: UserFooFragment$data,
  +$fragmentSpreads: UserFooFragment$fragmentType,
  ...
};
*/

import {bar as userBarResolver} from 'User_bar';

var node/*: ReaderFragment*/ = {
  "argumentDefinitions": [],
  "kind": "Fragment",
  "metadata": {
    "throwOnFieldError": true
  },
  "name": "UserFooFragment",
  "selections": [
    {
      "kind": "ClientExtension",
      "selections": [
        {
          "alias": null,
          "args": null,
          "fragment": null,
          "kind": "RelayLiveResolver",
          "name": "bar",
          "resolverModule": userBarResolver,
          "path": "bar"
        }
      ]
    }
  ],
  "type": "User",
  "abstractKey": null
};

(node/*: any*/).hash = "c571977071bef677ed9b7926d2dad022";

export default ((node/*: any*/)/*: Fragment<
  UserFooFragment$fragmentType,
  UserFooFragment$data,
>*/);
