==================================== INPUT ====================================
//- User_foo.js
/**
 * @RelayResolver User.foo: String @semanticNonNull
 * @rootFragment UserFooFragment
 */
graphql`fragment UserFooFragment on User @throwOnFieldError {
  bar
  bar_live
  bar_plural
  bar_live_plural
}`

//- User_bar.js
/**
 * @RelayResolver User.bar: CustomScalarType @semanticNonNull
 */

 /**
 * @RelayResolver User.bar_live: CustomScalarType @semanticNonNull
 * @live
 */

/**
 * @RelayResolver User.bar_plural: [CustomScalarType] @semanticNonNull(levels: [0, 1])
 */

 /**
 * @RelayResolver User.bar_live_plural: [CustomScalarType] @semanticNonNull(levels: [0, 1])
 * @live
 */

//- relay.config.json
{
  "language": "flow",
  "jsModuleFormat": "haste",
  "schema": "schema.graphql",
  "featureFlags": {
    "enable_resolver_normalization_ast": true,
    "allow_resolver_non_nullable_return_type": { "kind": "enabled" }
  },
  "resolversSchemaModule": {
    "path": "__generated__/ResolversSchemaModule.js"
  },
  "schemaExtensions": [
    "./extensions.graphql"
  ],
  "customScalarTypes": {
    "CustomScalarType": {
      "name": "CustomScalarTypeFlowType",
      "path": "CustomScalarTypeFlowTypeModule"
    }
  }
}

//- extensions.graphql

scalar CustomScalarType

//- schema.graphql
type Query {
  greeting: String
}

type User { name: String }
==================================== OUTPUT ===================================
//- __generated__/ResolversSchemaModule.js
/**
 * <auto-generated> SignedSource<<ff04b14ebb784c825070feba8fe669d8>>
 * @flow
 * @lightSyntaxTransform
 * @nogrep
 */

/* eslint-disable */

'use strict';

/*::
import type { SchemaResolvers } from 'ReactiveQueryExecutor';
import type { ResolverFunction, NormalizationSplitOperation } from 'relay-runtime';

*/

import UserFooFragment$normalization from 'UserFooFragment$normalization.graphql';
import {bar as userBarResolver} from 'User_bar';
import {bar_live as userBarLiveResolver} from 'User_bar';
import {bar_live_plural as userBarLivePluralResolver} from 'User_bar';
import {bar_plural as userBarPluralResolver} from 'User_bar';
import {foo as userFooResolver} from 'User_foo';

var schema_resolvers/*: SchemaResolvers*/ = {
  "User": {
    "bar": {
      "resolverFunction": userBarResolver,
      "rootFragment": null
    },
    "bar_live": {
      "resolverFunction": userBarLiveResolver,
      "rootFragment": null
    },
    "bar_live_plural": {
      "resolverFunction": userBarLivePluralResolver,
      "rootFragment": null
    },
    "bar_plural": {
      "resolverFunction": userBarPluralResolver,
      "rootFragment": null
    },
    "foo": {
      "resolverFunction": userFooResolver,
      "rootFragment": UserFooFragment$normalization
    }
  }
};

export default schema_resolvers;

//- __generated__/UserFooFragment$normalization.graphql.js
/**
 * <auto-generated> SignedSource<<2ff85acb606b5f7522f512b09e7b74b0>>
 * @flow
 * @lightSyntaxTransform
 * @nogrep
 */

/* eslint-disable */

'use strict';

/*::
import type { NormalizationSplitOperation } from 'relay-runtime';

*/

import {bar as userBarResolver} from 'User_bar';
import {bar_live as userBarLiveResolver} from 'User_bar';
import {bar_live_plural as userBarLivePluralResolver} from 'User_bar';
import {bar_plural as userBarPluralResolver} from 'User_bar';

var node/*: NormalizationSplitOperation*/ = {
  "kind": "SplitOperation",
  "metadata": {},
  "name": "UserFooFragment$normalization",
  "selections": [
    {
      "kind": "ClientExtension",
      "selections": [
        {
          "name": "bar",
          "args": null,
          "kind": "RelayResolver",
          "storageKey": null,
          "isOutputType": true,
          "resolverInfo": {
            "resolverFunction": userBarResolver,
            "rootFragment": null
          }
        },
        {
          "name": "bar_live",
          "args": null,
          "kind": "RelayLiveResolver",
          "storageKey": null,
          "isOutputType": true,
          "resolverInfo": {
            "resolverFunction": userBarLiveResolver,
            "rootFragment": null
          }
        },
        {
          "name": "bar_plural",
          "args": null,
          "kind": "RelayResolver",
          "storageKey": null,
          "isOutputType": true,
          "resolverInfo": {
            "resolverFunction": userBarPluralResolver,
            "rootFragment": null
          }
        },
        {
          "name": "bar_live_plural",
          "args": null,
          "kind": "RelayLiveResolver",
          "storageKey": null,
          "isOutputType": true,
          "resolverInfo": {
            "resolverFunction": userBarLivePluralResolver,
            "rootFragment": null
          }
        }
      ]
    }
  ]
};

(node/*: any*/).hash = "85fc07b6873f5892801afc1cb3e30ea1";

export default node;

//- __generated__/UserFooFragment.graphql.js
/**
 * <auto-generated> SignedSource<<aa39683fb69edc3a6050b2367bb1b056>>
 * @flow
 * @lightSyntaxTransform
 * @nogrep
 */

/* eslint-disable */

'use strict';

/*::
import type { Fragment, ReaderFragment } from 'relay-runtime';
import type { CustomScalarTypeFlowType } from "CustomScalarTypeFlowTypeModule";
import type { LiveState, FragmentType } from "relay-runtime";
import {bar_live_plural as userBarLivePluralResolverType} from "User_bar";
// Type assertion validating that `userBarLivePluralResolverType` resolver is correctly implemented.
// A type error here indicates that the type signature of the resolver module is incorrect.
(userBarLivePluralResolverType: () => LiveState<$ReadOnlyArray<CustomScalarTypeFlowType>>);
import {bar_live as userBarLiveResolverType} from "User_bar";
// Type assertion validating that `userBarLiveResolverType` resolver is correctly implemented.
// A type error here indicates that the type signature of the resolver module is incorrect.
(userBarLiveResolverType: () => LiveState<CustomScalarTypeFlowType>);
import {bar_plural as userBarPluralResolverType} from "User_bar";
// Type assertion validating that `userBarPluralResolverType` resolver is correctly implemented.
// A type error here indicates that the type signature of the resolver module is incorrect.
(userBarPluralResolverType: () => $ReadOnlyArray<CustomScalarTypeFlowType>);
import {bar as userBarResolverType} from "User_bar";
// Type assertion validating that `userBarResolverType` resolver is correctly implemented.
// A type error here indicates that the type signature of the resolver module is incorrect.
(userBarResolverType: () => CustomScalarTypeFlowType);
declare export opaque type UserFooFragment$fragmentType: FragmentType;
export type UserFooFragment$data = {|
  +bar: CustomScalarTypeFlowType,
  +bar_live: CustomScalarTypeFlowType,
  +bar_live_plural: $ReadOnlyArray<CustomScalarTypeFlowType>,
  +bar_plural: $ReadOnlyArray<CustomScalarTypeFlowType>,
  +$fragmentType: UserFooFragment$fragmentType,
|};
export type UserFooFragment$key = {
  +$data?: UserFooFragment$data,
  +$fragmentSpreads: UserFooFragment$fragmentType,
  ...
};
*/

import {bar as userBarResolver} from 'User_bar';
import {bar_live as userBarLiveResolver} from 'User_bar';
import {bar_live_plural as userBarLivePluralResolver} from 'User_bar';
import {bar_plural as userBarPluralResolver} from 'User_bar';

var node/*: ReaderFragment*/ = {
  "argumentDefinitions": [],
  "kind": "Fragment",
  "metadata": {
    "throwOnFieldError": true
  },
  "name": "UserFooFragment",
  "selections": [
    {
      "kind": "ClientExtension",
      "selections": [
        {
          "alias": null,
          "args": null,
          "fragment": null,
          "kind": "RelayResolver",
          "name": "bar",
          "resolverModule": userBarResolver,
          "path": "bar"
        },
        {
          "alias": null,
          "args": null,
          "fragment": null,
          "kind": "RelayLiveResolver",
          "name": "bar_live",
          "resolverModule": userBarLiveResolver,
          "path": "bar_live"
        },
        {
          "alias": null,
          "args": null,
          "fragment": null,
          "kind": "RelayResolver",
          "name": "bar_plural",
          "resolverModule": userBarPluralResolver,
          "path": "bar_plural"
        },
        {
          "alias": null,
          "args": null,
          "fragment": null,
          "kind": "RelayLiveResolver",
          "name": "bar_live_plural",
          "resolverModule": userBarLivePluralResolver,
          "path": "bar_live_plural"
        }
      ]
    }
  ],
  "type": "User",
  "abstractKey": null
};

(node/*: any*/).hash = "85fc07b6873f5892801afc1cb3e30ea1";

export default ((node/*: any*/)/*: Fragment<
  UserFooFragment$fragmentType,
  UserFooFragment$data,
>*/);
