==================================== INPUT ====================================
//- User_foo.js
/**
 * @RelayResolver User.foo: RelayResolverValue!
 * @rootFragment UserFooFragment
 */
graphql`fragment UserFooFragment on User {
  bar
}`

//- User_bar.js
/**
 * @RelayResolver User.bar: RelayResolverValue!
 */

//- relay.config.json
{
  "language": "javascript",
  "jsModuleFormat": "haste",
  "schema": "schema.graphql",
    "featureFlags": {
    "enable_resolver_normalization_ast": true,
    "allow_resolver_non_nullable_return_type": { "kind": "enabled" }
  },
  "resolverContextType": { "name": "TestResolverContextType", "path": "./test-interface" }
}

//- schema.graphql
type Query { me: User }
type User { name: String }
==================================== OUTPUT ===================================
//- __generated__/UserFooFragment.graphql.js
/**
 * <auto-generated> SignedSource<<4bd80eb7588ca19df0cc55cf857d4650>>
 * @lightSyntaxTransform
 * @nogrep
 */

/* eslint-disable */

'use strict';

import {bar as userBarResolver} from 'User_bar';

var node = {
  "argumentDefinitions": [],
  "kind": "Fragment",
  "metadata": null,
  "name": "UserFooFragment",
  "selections": [
    {
      "kind": "ClientExtension",
      "selections": [
        {
          "alias": null,
          "args": null,
          "fragment": null,
          "kind": "RelayResolver",
          "name": "bar",
          "resolverModule": userBarResolver,
          "path": "bar"
        }
      ]
    }
  ],
  "type": "User",
  "abstractKey": null
};

node.hash = "285ee53d00b8def775c9e1ed756743bf";

export default node;
