==================================== INPUT ====================================
fragment NameRendererFragment on Persona {
  id
  basicUser {
    ...ClientUser_Fragment @module(name: "ClientUser.react")
  }
}

fragment ClientUser_Fragment on BasicUser {
  name
  address
}

%extensions%
type Persona {
  id: ID!
  basicUser: BasicUser
}

type BasicUser @__RelayResolverModel {
  id: ID!
  name: String
  address: String
  __relay_model_instance: RelayResolverValue @relay_resolver(import_path: "ClientUserResolver", fragment_name: "ClientUser__id", inject_fragment_data: "id")
}
==================================== OUTPUT ===================================
fragment ClientUser_Fragment on BasicUser {
  name
  address
}

fragment NameRendererFragment on Persona {
  id
  basicUser {
    ... on BasicUser {
      ... on BasicUser @__ModuleMetadata
      # ModuleMetadata {
      #     location: client-3D-module-on-concrete-parent-type.invalid.graphql:89:96,
      #     key: "NameRendererFragment",
      #     module_id: "NameRendererFragment.basicUser",
      #     module_name: "ClientUser.react",
      #     source_document_name: FragmentDefinitionName(
      #         FragmentDefinitionName(
      #             "NameRendererFragment",
      #         ),
      #     ),
      #     read_time_resolvers: true,
      #     fragment_name: FragmentDefinitionName(
      #         "ClientUser_Fragment",
      #     ),
      #     fragment_source_location: client-3D-module-on-concrete-parent-type.invalid.graphql:139:158,
      #     no_inline: false,
      # }
       {
        ...ClientUser_Fragment
      }
    }
  }
}
